// Jest Snapshot v1, https://goo.gl/fbAQLP

exports[`Search should render with minimum props 1`] = `
<Search>
  <svg
    fill="#000"
    height="1em"
    viewBox="0 0 53.6 53.6"
    xmlns="http://www.w3.org/2000/svg"
  >
    <path
      d="M53.6 49.4L37.8 33.6C40.4 30 42 25.7 42 21 42 9.4 32.6 0 21 0S0 9.4 0 21s9.4 21 21 21c4.7 0 9-1.6 12.6-4.2l15.8 15.8L53.6 49.4zM2 21C2 10.5 10.5 2 21 2s19 8.5 19 19 -8.5 19-19 19S2 31.5 2 21z"
    />
  </svg>
</Search>
`;
