// Jest Snapshot v1, https://goo.gl/fbAQLP

exports[`ScrollLock should render with minimum props 1`] = `
<ScrollLock>
  <div />
</ScrollLock>
`;
