// Jest Snapshot v1, https://goo.gl/fbAQLP

exports[`SectionHeading should render with minimum props 1`] = `
<SectionHeading>
  <div>
    <h1
      className="type-title inline"
    />
  </div>
</SectionHeading>
`;
