// Jest Snapshot v1, https://goo.gl/fbAQLP

exports[`CommonSection should render with minimum props 1`] = `
<CommonSection>
  <Section
    toolbar={null}
  >
    <section
      className="Section"
    >
      <section
        className="Section__contents"
      >
        <States>
          <div
            className="section-states"
          >
            <article
              className="hidden section-state"
              id="block-content-loading"
            >
              <Loader>
                <EmptyView>
                  <div
                    className="empty-view"
                  >
                    <div
                      className="empty-container"
                    >
                      <div
                        className="empty-dialog"
                      >
                        <i
                          className="fa fa-circle-o-notch fa-5x color-soft fa-spin"
                        />
                      </div>
                    </div>
                  </div>
                </EmptyView>
              </Loader>
            </article>
            <article
              className="hidden section-state"
              id="block-content-empty"
            >
              <EmptyView>
                <div
                  className="empty-view"
                >
                  <div
                    className="empty-container"
                  >
                    <div
                      className="empty-dialog"
                    />
                  </div>
                </div>
              </EmptyView>
            </article>
            <article
              className="hidden- section-state"
              id="block-content-data"
            />
          </div>
        </States>
      </section>
    </section>
  </Section>
</CommonSection>
`;
