// Jest Snapshot v1, https://goo.gl/fbAQLP

exports[`Button should render with minimum props 1`] = `
<Button>
  <a
    className="btn btn-primary"
  />
</Button>
`;
