// Jest Snapshot v1, https://goo.gl/fbAQLP

exports[`EmptyView should render with minimum props 1`] = `
<EmptyView>
  <div
    className="empty-view"
  >
    <div
      className="empty-container"
    >
      <div
        className="empty-dialog"
      />
    </div>
  </div>
</EmptyView>
`;
