// Jest Snapshot v1, https://goo.gl/fbAQLP

exports[`EmptyBlock should render with minimum props 1`] = `
<EmptyBlock>
  <div
    className="empty-view"
  >
    <div
      className="empty-container"
    >
      <div
        className="empty-dialog"
      />
    </div>
  </div>
</EmptyBlock>
`;
